
=== AGV maze solver ===
RESET: BROWNOUT  raw=4 
calibrating gyro, hold still...
offZ=-88 offX=-252 offY=-24 
# st,L,F,R,lok,rok,near,md,br,err,wt,gt,corr,pwmL,pwmR,rock,rate,gx,gy,ovr,drop
0,22,999,999,1,0,0,3,0,0,0,0,0,0,0,0,5,-255,-34,0,0
0,21,67,8,1,1,0,3,0,0,0,0,0,0,0,0,0,-251,-23,0,0
0,22,68,8,1,1,0,3,0,0,0,0,0,0,0,0,-12,-246,-31,0,0
0,22,68,8,1,1,0,3,0,0,0,0,0,0,0,0,5,-253,-16,0,0
0,21,67,8,1,1,0,3,0,0,0,0,0,0,0,0,3,-249,-17,0,0
0,21,69,8,1,1,0,3,0,0,0,0,0,0,0,0,-7,-244,-27,0,0
0,21,999,8,1,1,0,3,0,0,0,0,0,0,0,0,-10,-255,-26,0,0
0,21,999,8,1,1,0,3,0,0,0,0,0,0,0,0,3,-251,-27,0,0
0,21,999,8,1,1,0,3,0,0,0,0,0,0,0,0,-12,-249,-19,0,0
0,21,999,8,1,1,0,3,0,0,0,0,0,0,0,0,3,-255,-27,0,0
0,21,999,8,1,1,0,3,0,0,0,0,0,0,0,0,13,-250,-14,0,0
0,20,999,8,1,1,0,3,0,0,0,0,0,0,0,0,-8,-240,-30,0,0
0,21,999,8,1,1,0,3,0,0,0,0,0,0,0,0,-3,-253,-27,0,0
0,21,999,8,1,1,0,3,0,0,0,0,0,0,0,0,-20,-252,-10,0,0
0,21,999,8,1,1,0,3,0,0,0,0,0,0,0,0,-20,-238,-17,0,0
0,21,999,8,1,1,0,3,0,0,0,0,0,0,0,0,-7,-250,-36,0,0
0,20,999,8,1,1,0,3,0,0,0,0,0,0,0,0,-6,-250,-16,0,0
0,20,999,8,1,1,0,3,0,0,0,0,0,0,0,0,-15,-250,-19,0,0
0,20,999,8,1,1,0,3,0,0,0,0,0,0,0,0,-8,-256,-24,0,0
0,21,999,8,1,1,0,3,0,0,0,0,0,0,0,0,-17,-254,-22,0,0
0,20,999,8,1,1,0,3,0,0,0,0,0,0,0,0,-20,-260,-22,0,0
0,22,999,8,1,1,0,3,0,0,0,0,0,0,0,0,2,-250,-40,0,0
0,20,999,8,1,1,0,3,0,0,0,0,0,0,0,0,-10,-253,-22,0,0
0,20,999,8,1,1,0,3,0,0,0,0,0,0,0,0,-2,-258,-32,0,0
0,20,999,8,1,1,0,3,0,0,0,0,0,0,0,0,-19,-245,-13,0,0
0,20,999,8,1,1,0,3,3,0,0,0,-35,60,95,0,-17,-257,-24,1,0
0,20,999,8,1,1,0,3,3,0,0,0,-35,60,95,1,2354,-901,467,1,0
0,21,999,8,1,1,0,3,3,0,0,0,-35,60,95,0,4674,3,476,1,0
0,18,61,10,1,1,0,0,0,-8,-12,15,3,78,72,0,1906,-1084,-47,1,0
0,16,999,12,1,1,0,0,0,-4,-6,12,6,81,69,0,1489,-344,562,1,0
0,16,999,14,1,1,0,0,1,-2,-1,3,2,77,73,1,457,-251,9,1,0
0,15,999,17,1,1,0,0,1,2,1,1,2,77,73,1,154,-780,385,1,0
0,12,62,17,1,1,0,0,1,5,3,-2,1,76,74,1,-292,-918,-1390,1,0
0,12,57,20,1,1,0,0,0,8,12,-6,6,81,69,0,-772,-1542,1207,1,0
0,9,50,22,1,1,0,0,1,13,9,-4,5,80,70,1,-502,243,-724,1,0
0,5,43,24,1,1,0,0,2,0,0,0,35,95,60,0,-2058,267,-815,1,0
0,4,40,25,1,1,0,0,2,0,0,0,35,95,60,0,-1640,1146,963,1,0
0,3,33,27,1,1,0,0,2,0,0,0,35,95,60,1,-1072,-873,321,1,0
0,4,30,27,1,1,0,0,2,0,0,0,35,95,60,0,-1789,-759,-14,1,0
MODE1: front obstacle -- stopped
0,4,23,26,1,1,0,0,0,0,0,0,0,0,0,1,-1952,-195,-555,1,0
0,6,16,25,1,1,0,0,0,0,0,0,0,0,0,0,-1762,-20,-3,1,0
0,8,12,23,1,1,0,0,0,0,0,0,0,0,0,0,-840,-354,-1512,1,0
0,9,10,21,1,1,0,0,0,0,0,0,0,0,0,0,-794,-34,-53,1,0
0,9,9,20,1,1,0,0,0,0,0,0,0,0,0,0,-344,-358,-118,1,0
0,9,8,20,1,1,0,0,0,0,0,0,0,0,0,0,334,-233,-109,1,0
0,9,7,20,1,1,0,0,0,0,0,0,0,0,0,0,-41,-265,-19,1,0
0,9,7,20,1,1,0,0,0,0,0,0,0,0,0,0,30,-265,-26,1,0
0,8,7,20,1,1,0,0,0,0,0,0,0,0,0,0,-13,-257,-32,1,0
0,8,7,20,1,1,0,0,0,0,0,0,0,0,0,0,10,-266,-20,1,0
0,8,7,20,1,1,0,0,0,0,0,0,0,0,0,0,12,-254,-33,1,0
0,10,7,20,1,1,0,0,0,0,0,0,0,0,0,0,2,-260,-17,1,0
0,8,7,20,1,1,0,0,0,0,0,0,0,0,0,0,7,-248,-32,1,0
0,8,7,20,1,1,0,0,0,0,0,0,0,0,0,0,-31,-248,-13,1,0
0,8,7,20,1,1,0,0,0,0,0,0,0,0,0,0,7,-251,-19,1,0
0,8,7,20,1,1,0,0,0,0,0,0,0,0,0,0,3,-248,-37,1,0
0,9,7,20,1,1,0,0,0,0,0,0,0,0,0,0,-7,-243,-16,1,0
0,9,7,20,1,1,0,0,0,0,0,0,0,0,0,0,6,-246,-24,1,0
0,9,7,20,1,1,0,0,0,0,0,0,0,0,0,0,9,-264,-28,1,0
0,9,7,20,1,1,0,0,0,0,0,0,0,0,0,0,-7,-257,-39,1,0
0,9,7,20,1,1,0,0,0,0,0,0,0,0,0,0,1,-258,-26,1,0
0,8,7,20,1,1,0,0,0,0,0,0,0,0,0,0,-10,-258,-12,1,0
0,8,7,20,1,1,0,0,0,0,0,0,0,0,0,0,4,-255,-31,1,0
0,8,7,20,1,1,0,0,0,0,0,0,0,0,0,0,2,-245,-26,1,0
0,8,7,20,1,1,0,0,0,0,0,0,0,0,0,0,13,-244,-40,1,0
0,8,7,20,1,1,0,0,0,0,0,0,0,0,0,0,12,-247,-20,1,0
0,8,7,20,1,1,0,0,0,0,0,0,0,0,0,0,9,-243,-18,1,0
0,8,7,20,1,1,0,0,0,0,0,0,0,0,0,0,-3,-258,-9,1,0
0,8,7,20,1,1,0,0,0,0,0,0,0,0,0,0,0,-242,-30,1,0
0,9,7,20,1,1,0,0,0,0,0,0,0,0,0,0,-4,-251,-2,1,0
0,9,7,20,1,1,0,0,0,0,0,0,0,0,0,0,-12,-257,-23,1,0
0,9,7,20,1,1,0,0,0,0,0,0,0,0,0,0,3,-262,-34,1,0
