offZ=-89 offX=-251 offY=-28 
# st,L,F,R,lok,rok,near,md,br,err,wt,gt,corr,pwmL,pwmR,rock,rate,gx,gy,ovr,drop
0,13,999,999,1,0,0,3,0,0,0,0,0,0,0,0,-32,-241,-38,0,0
0,14,999,17,1,1,0,3,0,0,0,0,0,0,0,0,8,-251,-25,0,0
0,14,999,17,1,1,0,3,0,0,0,0,0,0,0,0,-20,-241,-42,0,0
0,13,50,17,1,1,0,3,0,0,0,0,0,0,0,0,-11,-246,-29,0,0
0,13,50,17,1,1,0,3,0,0,0,0,0,0,0,0,4,-264,-31,0,0
0,13,50,17,1,1,0,3,0,0,0,0,0,0,0,0,-11,-244,-21,0,0
0,13,51,17,1,1,0,3,0,0,0,0,0,0,0,0,5,-244,-26,0,0
0,13,51,17,1,1,0,3,0,0,0,0,0,0,0,0,-3,-249,-22,0,0
0,13,50,17,1,1,0,3,0,0,0,0,0,0,0,0,11,-239,-23,0,0
0,13,50,17,1,1,0,3,0,0,0,0,0,0,0,0,-17,-257,-39,0,0
0,13,51,17,1,1,0,3,0,0,0,0,0,0,0,0,13,-248,-14,0,0
0,13,999,17,1,1,0,3,0,0,0,0,0,0,0,0,-2,-255,-33,0,0
0,13,999,17,1,1,0,3,0,0,0,0,0,0,0,0,-2,-256,-32,0,0
0,13,999,17,1,1,0,3,0,0,0,0,0,0,0,0,7,-253,-19,0,0
0,13,52,18,1,1,0,3,0,0,0,0,0,0,0,0,0,-259,-15,0,0
0,13,53,18,1,1,0,3,0,0,0,0,0,0,0,0,-10,-247,-22,0,0
0,13,51,18,1,1,0,3,0,0,0,0,0,0,0,0,7,-252,-29,0,0
0,13,51,17,1,1,0,3,0,0,0,0,0,0,0,0,0,-248,-30,0,0
0,13,58,17,1,1,0,3,0,0,0,0,0,0,0,0,-12,-251,-21,0,0
0,13,999,18,1,1,0,3,0,0,0,0,0,0,0,0,7,-260,-24,0,0
0,13,999,18,1,1,0,3,0,0,0,0,0,0,0,0,-6,-241,-42,0,0
0,13,999,18,1,1,0,3,0,0,0,0,0,0,0,0,-5,-251,-36,0,0
0,13,999,18,1,1,0,3,0,0,0,0,0,0,0,0,-4,-251,-36,0,0
0,13,999,18,1,1,0,3,0,0,0,0,0,0,0,0,-7,-249,-16,0,0
0,13,999,18,1,1,0,3,0,0,0,0,0,0,0,0,-6,-250,-10,0,0
0,13,999,18,1,1,0,3,0,0,0,0,0,0,0,0,-15,-254,-29,0,0
0,13,50,18,1,1,0,0,1,5,3,3,6,81,69,1,432,-218,1614,1,0
0,13,999,18,1,1,0,0,1,5,3,-1,2,77,73,1,-203,349,-149,1,0
0,13,999,17,1,1,0,0,0,4,6,-5,1,76,74,0,-652,-616,-663,1,0
0,13,999,17,1,1,0,0,1,4,3,-2,1,76,74,1,-348,-1303,2373,1,0
0,13,66,17,1,1,0,0,0,4,6,-2,4,79,71,0,-322,356,294,1,0
0,13,60,17,1,1,0,0,0,4,6,0,6,81,69,0,30,83,461,1,0

=== AGV maze solver ===
RESET: BROWNOUT  raw=4 
calibrating gyro, hold still...

=== AGV maze solver ===
RESET: BROWNOUT  raw=4 
calibrating gyro, hold still...

=== AGV maze solver ===
RESET: BROWNOUT  raw=4 
